
> justtools@0.2.2 build
> vite build

[36mvite v7.3.1 [32mbuilding ssr environment for production...[36m[39m
transforming...
[32mÔ£ô[39m 4410 modules transformed.
rendering chunks...
[36mvite v7.3.1 [32mbuilding client environment for production...[36m[39m
transforming...
[32mÔ£ô[39m 4774 modules transformed.
rendering chunks...
computing gzip size...
[2m.svelte-kit/output/client/[22m[32m_app/version.json                              [39m[1m[2m    0.03 kB[22m[1m[22m[2m Ôöé gzip:   0.05 kB[22m
[2m.svelte-kit/output/client/[22m[32m_app/immutable/workers/pdf.worker-DgjsDEjz.js  [39m[1m[2m    1.99 kB[22m[1m[22m
[2m.svelte-kit/output/client/[22m[32m.vite/manifest.json                            [39m[1m[2m   68.26 kB[22m[1m[22m[2m Ôöé gzip:   6.95 kB[22m
[2m.svelte-kit/output/client/[22m[32m_app/immutable/workers/chunks/BhTHSIFf.js      [39m[1m[2m  434.86 kB[22m[1m[22m
[2m.svelte-kit/output/client/[22m[32m_app/immutable/assets/pdf.worker.BA9kU3Pw.mjs  [39m[1m[2m1,978.10 kB[22m[1m[22m
[2m.svelte-kit/output/client/[22m[35m_app/immutable/assets/14.xD-Pv6qb.css          [39m[1m[2m    4.84 kB[22m[1m[22m[2m Ôöé gzip:   1.20 kB[22m
[2m.svelte-kit/output/client/[22m[35m_app/immutable/assets/0.By7kqbr0.css           [39m[1m[2m   64.37 kB[22m[1m[22m[2m Ôöé gzip:  11.01 kB[22m
[2m.svelte-kit/output/client/[22m[36m_app/immutable/chunks/GT3TTQRe.js              [39m[1m[2m    0.04 kB[22m[1m[22m[2m Ôöé gzip:   0.06 kB[22m
[2m.svelte-kit/output/client/[22m[36m_app/immutable/nodes/14.ZCezY9Ty.js            [39m[1m[2m    0.07 kB[22m[1m[22m[2m Ôöé gzip:   0.08 kB[22m
[2m.svelte-kit/output/client/[22m[36m_app/immutable/chunks/BW5GpRYV.js              [39m[1m[2m    0.11 kB[22m[1m[22m[2m Ôöé gzip:   0.12 kB[22m
[2m.svelte-kit/output/client/[22m[36m_app/immutable/chunks/CqkleIqs.js              [39m[1m[2m    0.12 kB[22m[1m[22m[2m Ôöé gzip:   0.13 kB[22m
[2m.svelte-kit/output/client/[22m[36m_app/immutable/entry/start.DiBstOwJ.js         [39m[1m[2m    0.12 kB[22m[1m[22m[2m Ôöé gzip:   0.11 kB[22m
[2m.svelte-kit/output/client/[22m[36m_app/immutable/chunks/DsS7Wrab.js              [39m[1m[2m    0.20 kB[22m[1m[22m[2m Ôöé gzip:   0.16 kB[22m
[2m.svelte-kit/output/client/[22m[36m_app/immutable/chunks/BD9-J6DF.js              [39m[1m[2m    0.24 kB[22m[1m[22m[2m Ôöé gzip:   0.20 kB[22m
[2m.svelte-kit/output/client/[22m[36m_app/immutable/chunks/BNV1fr3t.js              [39m[1m[2m    0.30 kB[22m[1m[22m[2m Ôöé gzip:   0.22 kB[22m
[2m.svelte-kit/output/client/[22m[36m_app/immutable/chunks/DbItnlRl.js              [39m[1m[2m    0.31 kB[22m[1m[22m[2m Ôöé gzip:   0.24 kB[22m
[2m.svelte-kit/output/client/[22m[36m_app/immutable/chunks/k123g7S7.js              [39m[1m[2m    0.37 kB[22m[1m[22m[2m Ôöé gzip:   0.26 kB[22m
[2m.svelte-kit/output/client/[22m[36m_app/immutable/chunks/DprqAD28.js              [39m[1m[2m    0.38 kB[22m[1m[22m[2m Ôöé gzip:   0.28 kB[22m
[2m.svelte-kit/output/client/[22m[36m_app/immutable/chunks/Byajrbkw.js              [39m[1m[2m    0.38 kB[22m[1m[22m[2m Ôöé gzip:   0.29 kB[22m
[2m.svelte-kit/output/client/[22m[36m_app/immutable/nodes/6.CL3YACNF.js             [39m[1m[2m    0.39 kB[22m[1m[22m[2m Ôöé gzip:   0.28 kB[22m
[2m.svelte-kit/output/client/[22m[36m_app/immutable/chunks/CboXHPu1.js              [39m[1m[2m    0.43 kB[22m[1m[22m[2m Ôöé gzip:   0.31 kB[22m
[2m.svelte-kit/output/client/[22m[36m_app/immutable/chunks/BZ6fNVsZ.js              [39m[1m[2m    0.45 kB[22m[1m[22m[2m Ôöé gzip:   0.33 kB[22m
[2m.svelte-kit/output/client/[22m[36m_app/immutable/chunks/B0Q588_M.js              [39m[1m[2m    0.46 kB[22m[1m[22m[2m Ôöé gzip:   0.33 kB[22m
[2m.svelte-kit/output/client/[22m[36m_app/immutable/chunks/V06ycdlw.js              [39m[1m[2m    0.47 kB[22m[1m[22m[2m Ôöé gzip:   0.34 kB[22m
[2m.svelte-kit/output/client/[22m[36m_app/immutable/chunks/D3y0SrUI.js              [39m[1m[2m    0.47 kB[22m[1m[22m[2m Ôöé gzip:   0.33 kB[22m
[2m.svelte-kit/output/client/[22m[36m_app/immutable/chunks/CRS0pDXe.js              [39m[1m[2m    0.48 kB[22m[1m[22m[2m Ôöé gzip:   0.33 kB[22m
[2m.svelte-kit/output/client/[22m[36m_app/immutable/chunks/rpgsuwdP.js              [39m[1m[2m    0.50 kB[22m[1m[22m[2m Ôöé gzip:   0.35 kB[22m
[2m.svelte-kit/output/client/[22m[36m_app/immutable/chunks/Bqn_2F4w.js              [39m[1m[2m    0.51 kB[22m[1m[22m[2m Ôöé gzip:   0.37 kB[22m
[2m.svelte-kit/output/client/[22m[36m_app/immutable/chunks/mGk85mdE.js              [39m[1m[2m    0.51 kB[22m[1m[22m[2m Ôöé gzip:   0.37 kB[22m
[2m.svelte-kit/output/client/[22m[36m_app/immutable/chunks/dMgrAegD.js              [39m[1m[2m    0.52 kB[22m[1m[22m[2m Ôöé gzip:   0.33 kB[22m
[2m.svelte-kit/output/client/[22m[36m_app/immutable/chunks/DghQZ-aO.js              [39m[1m[2m    0.52 kB[22m[1m[22m[2m Ôöé gzip:   0.35 kB[22m
[2m.svelte-kit/output/client/[22m[36m_app/immutable/chunks/B2CjJTsS.js              [39m[1m[2m    0.52 kB[22m[1m[22m[2m Ôöé gzip:   0.36 kB[22m
[2m.svelte-kit/output/client/[22m[36m_app/immutable/chunks/Cj2rXoQi.js              [39m[1m[2m    0.53 kB[22m[1m[22m[2m Ôöé gzip:   0.37 kB[22m
[2m.svelte-kit/output/client/[22m[36m_app/immutable/chunks/BwkoP_sX.js              [39m[1m[2m    0.53 kB[22m[1m[22m[2m Ôöé gzip:   0.32 kB[22m
[2m.svelte-kit/output/client/[22m[36m_app/immutable/chunks/DC3FA76J.js              [39m[1m[2m    0.53 kB[22m[1m[22m[2m Ôöé gzip:   0.38 kB[22m
[2m.svelte-kit/output/client/[22m[36m_app/immutable/chunks/Zn26240M.js              [39m[1m[2m    0.55 kB[22m[1m[22m[2m Ôöé gzip:   0.39 kB[22m
[2m.svelte-kit/output/client/[22m[36m_app/immutable/chunks/BEPGqi6e.js              [39m[1m[2m    0.56 kB[22m[1m[22m[2m Ôöé gzip:   0.36 kB[22m
[2m.svelte-kit/output/client/[22m[36m_app/immutable/chunks/gtXujJQR.js              [39m[1m[2m    0.57 kB[22m[1m[22m[2m Ôöé gzip:   0.40 kB[22m
[2m.svelte-kit/output/client/[22m[36m_app/immutable/chunks/CrzCezsk.js              [39m[1m[2m    0.59 kB[22m[1m[22m[2m Ôöé gzip:   0.38 kB[22m
[2m.svelte-kit/output/client/[22m[36m_app/immutable/chunks/D72x4ZlD.js              [39m[1m[2m    0.59 kB[22m[1m[22m[2m Ôöé gzip:   0.38 kB[22m
[2m.svelte-kit/output/client/[22m[36m_app/immutable/chunks/D8CONWqe.js              [39m[1m[2m    0.59 kB[22m[1m[22m[2m Ôöé gzip:   0.41 kB[22m
[2m.svelte-kit/output/client/[22m[36m_app/immutable/chunks/CWOHhsIo.js              [39m[1m[2m    0.60 kB[22m[1m[22m[2m Ôöé gzip:   0.38 kB[22m
[2m.svelte-kit/output/client/[22m[36m_app/immutable/chunks/C4LP7Hcl.js              [39m[1m[2m    0.61 kB[22m[1m[22m[2m Ôöé gzip:   0.33 kB[22m
[2m.svelte-kit/output/client/[22m[36m_app/immutable/chunks/B8GiaWrm.js              [39m[1m[2m    0.63 kB[22m[1m[22m[2m Ôöé gzip:   0.36 kB[22m
[2m.svelte-kit/output/client/[22m[36m_app/immutable/chunks/C1vEkyPe.js              [39m[1m[2m    0.63 kB[22m[1m[22m[2m Ôöé gzip:   0.39 kB[22m
[2m.svelte-kit/output/client/[22m[36m_app/immutable/chunks/DwUF8qY2.js              [39m[1m[2m    0.64 kB[22m[1m[22m[2m Ôöé gzip:   0.42 kB[22m
[2m.svelte-kit/output/client/[22m[36m_app/immutable/chunks/D36gbH8L.js              [39m[1m[2m    0.66 kB[22m[1m[22m[2m Ôöé gzip:   0.42 kB[22m
[2m.svelte-kit/output/client/[22m[36m_app/immutable/chunks/C78fOPTZ.js              [39m[1m[2m    0.67 kB[22m[1m[22m[2m Ôöé gzip:   0.35 kB[22m
[2m.svelte-kit/output/client/[22m[36m_app/immutable/chunks/BEvSBifo.js              [39m[1m[2m    0.69 kB[22m[1m[22m[2m Ôöé gzip:   0.45 kB[22m
[2m.svelte-kit/output/client/[22m[36m_app/immutable/chunks/BdOJg05L.js              [39m[1m[2m    0.69 kB[22m[1m[22m[2m Ôöé gzip:   0.40 kB[22m
[2m.svelte-kit/output/client/[22m[36m_app/immutable/chunks/xGmnFoWM.js              [39m[1m[2m    0.70 kB[22m[1m[22m[2m Ôöé gzip:   0.44 kB[22m
[2m.svelte-kit/output/client/[22m[36m_app/immutable/chunks/BGqgOle4.js              [39m[1m[2m    0.78 kB[22m[1m[22m[2m Ôöé gzip:   0.46 kB[22m
[2m.svelte-kit/output/client/[22m[36m_app/immutable/chunks/BQqOBYOt.js              [39m[1m[2m    0.78 kB[22m[1m[22m[2m Ôöé gzip:   0.46 kB[22m
[2m.svelte-kit/output/client/[22m[36m_app/immutable/chunks/Df11BRmG.js              [39m[1m[2m    0.79 kB[22m[1m[22m[2m Ôöé gzip:   0.41 kB[22m
[2m.svelte-kit/output/client/[22m[36m_app/immutable/chunks/COb5g7ZQ.js              [39m[1m[2m    0.80 kB[22m[1m[22m[2m Ôöé gzip:   0.42 kB[22m
[2m.svelte-kit/output/client/[22m[36m_app/immutable/chunks/B9ydEvln.js              [39m[1m[2m    0.81 kB[22m[1m[22m[2m Ôöé gzip:   0.42 kB[22m
[2m.svelte-kit/output/client/[22m[36m_app/immutable/chunks/DBlCnlav.js              [39m[1m[2m    0.85 kB[22m[1m[22m[2m Ôöé gzip:   0.41 kB[22m
[2m.svelte-kit/output/client/[22m[36m_app/immutable/chunks/ChK-085T.js              [39m[1m[2m    0.86 kB[22m[1m[22m[2m Ôöé gzip:   0.52 kB[22m
[2m.svelte-kit/output/client/[22m[36m_app/immutable/chunks/DehyRSwq.js              [39m[1m[2m    0.87 kB[22m[1m[22m[2m Ôöé gzip:   0.46 kB[22m
[2m.svelte-kit/output/client/[22m[36m_app/immutable/nodes/2.1eDC-liC.js             [39m[1m[2m    0.88 kB[22m[1m[22m[2m Ôöé gzip:   0.54 kB[22m
[2m.svelte-kit/output/client/[22m[36m_app/immutable/chunks/CmcK88-0.js              [39m[1m[2m    0.94 kB[22m[1m[22m[2m Ôöé gzip:   0.40 kB[22m
[2m.svelte-kit/output/client/[22m[36m_app/immutable/chunks/wAsdV37c.js              [39m[1m[2m    0.96 kB[22m[1m[22m[2m Ôöé gzip:   0.44 kB[22m
[2m.svelte-kit/output/client/[22m[36m_app/immutable/chunks/DS9LytUO.js              [39m[1m[2m    1.10 kB[22m[1m[22m[2m Ôöé gzip:   0.55 kB[22m
[2m.svelte-kit/output/client/[22m[36m_app/immutable/chunks/BCZA_wO0.js              [39m[1m[2m    1.14 kB[22m[1m[22m[2m Ôöé gzip:   0.54 kB[22m
[2m.svelte-kit/output/client/[22m[36m_app/immutable/chunks/Bm5Em-hy.js              [39m[1m[2m    1.14 kB[22m[1m[22m[2m Ôöé gzip:   0.54 kB[22m
[2m.svelte-kit/output/client/[22m[36m_app/immutable/chunks/PPVm8Dsz.js              [39m[1m[2m    1.23 kB[22m[1m[22m[2m Ôöé gzip:   0.71 kB[22m
[2m.svelte-kit/output/client/[22m[36m_app/immutable/chunks/CNhZ1qSd.js              [39m[1m[2m    1.40 kB[22m[1m[22m[2m Ôöé gzip:   0.66 kB[22m
[2m.svelte-kit/output/client/[22m[36m_app/immutable/chunks/D4FHwQmg.js              [39m[1m[2m    1.41 kB[22m[1m[22m[2m Ôöé gzip:   0.57 kB[22m
[2m.svelte-kit/output/client/[22m[36m_app/immutable/nodes/4.DXo6mzGe.js             [39m[1m[2m    1.50 kB[22m[1m[22m[2m Ôöé gzip:   0.80 kB[22m
[2m.svelte-kit/output/client/[22m[36m_app/immutable/nodes/3.MF6PSMdQ.js             [39m[1m[2m    1.52 kB[22m[1m[22m[2m Ôöé gzip:   0.81 kB[22m
[2m.svelte-kit/output/client/[22m[36m_app/immutable/chunks/DjJsE1KX.js              [39m[1m[2m    1.59 kB[22m[1m[22m[2m Ôöé gzip:   0.62 kB[22m
[2m.svelte-kit/output/client/[22m[36m_app/immutable/chunks/CK-WMkOA.js              [39m[1m[2m    1.61 kB[22m[1m[22m[2m Ôöé gzip:   0.79 kB[22m
[2m.svelte-kit/output/client/[22m[36m_app/immutable/chunks/C3Gn_uJK.js              [39m[1m[2m    1.62 kB[22m[1m[22m[2m Ôöé gzip:   0.77 kB[22m
[2m.svelte-kit/output/client/[22m[36m_app/immutable/chunks/CTu-6PCP.js              [39m[1m[2m    1.62 kB[22m[1m[22m[2m Ôöé gzip:   0.83 kB[22m
[2m.svelte-kit/output/client/[22m[36m_app/immutable/chunks/4D5F-n5U.js              [39m[1m[2m    1.66 kB[22m[1m[22m[2m Ôöé gzip:   0.60 kB[22m
[2m.svelte-kit/output/client/[22m[36m_app/immutable/chunks/Hz9HOZM7.js              [39m[1m[2m    1.75 kB[22m[1m[22m[2m Ôöé gzip:   0.81 kB[22m
[2m.svelte-kit/output/client/[22m[36m_app/immutable/chunks/BEVu057g.js              [39m[1m[2m    1.76 kB[22m[1m[22m[2m Ôöé gzip:   0.97 kB[22m
[2m.svelte-kit/output/client/[22m[36m_app/immutable/chunks/CnydiIhH.js              [39m[1m[2m    1.81 kB[22m[1m[22m[2m Ôöé gzip:   0.92 kB[22m
[2m.svelte-kit/output/client/[22m[36m_app/immutable/chunks/PhKL8nEG.js              [39m[1m[2m    1.82 kB[22m[1m[22m[2m Ôöé gzip:   0.95 kB[22m
[2m.svelte-kit/output/client/[22m[36m_app/immutable/chunks/vLlmbW-K.js              [39m[1m[2m    1.89 kB[22m[1m[22m[2m Ôöé gzip:   0.82 kB[22m
[2m.svelte-kit/output/client/[22m[36m_app/immutable/chunks/DTrFuWx2.js              [39m[1m[2m    1.92 kB[22m[1m[22m[2m Ôöé gzip:   0.82 kB[22m
[2m.svelte-kit/output/client/[22m[36m_app/immutable/chunks/fCUp34qd.js              [39m[1m[2m    1.94 kB[22m[1m[22m[2m Ôöé gzip:   0.66 kB[22m
[2m.svelte-kit/output/client/[22m[36m_app/immutable/chunks/BAqwsx6a.js              [39m[1m[2m    1.97 kB[22m[1m[22m[2m Ôöé gzip:   0.78 kB[22m
[2m.svelte-kit/output/client/[22m[36m_app/immutable/chunks/B1tBg_DP.js              [39m[1m[2m    1.98 kB[22m[1m[22m[2m Ôöé gzip:   0.90 kB[22m
[2m.svelte-kit/output/client/[22m[36m_app/immutable/chunks/CDyGwa7X.js              [39m[1m[2m    1.99 kB[22m[1m[22m[2m Ôöé gzip:   0.81 kB[22m
[2m.svelte-kit/output/client/[22m[36m_app/immutable/chunks/CnHTOXQT.js              [39m[1m[2m    2.01 kB[22m[1m[22m[2m Ôöé gzip:   0.85 kB[22m
[2m.svelte-kit/output/client/[22m[36m_app/immutable/chunks/_cASbwUe.js              [39m[1m[2m    2.01 kB[22m[1m[22m[2m Ôöé gzip:   0.96 kB[22m
[2m.svelte-kit/output/client/[22m[36m_app/immutable/chunks/DTqZWy3N.js              [39m[1m[2m    2.05 kB[22m[1m[22m[2m Ôöé gzip:   1.13 kB[22m
[2m.svelte-kit/output/client/[22m[36m_app/immutable/chunks/DF_7sFjM.js              [39m[1m[2m    2.06 kB[22m[1m[22m[2m Ôöé gzip:   0.87 kB[22m
[2m.svelte-kit/output/client/[22m[36m_app/immutable/chunks/BT43cFF4.js              [39m[1m[2m    2.07 kB[22m[1m[22m[2m Ôöé gzip:   0.98 kB[22m
[2m.svelte-kit/output/client/[22m[36m_app/immutable/chunks/Kvtd6kyn.js              [39m[1m[2m    2.08 kB[22m[1m[22m[2m Ôöé gzip:   0.95 kB[22m
[2m.svelte-kit/output/client/[22m[36m_app/immutable/chunks/BfvgReVJ.js              [39m[1m[2m    2.10 kB[22m[1m[22m[2m Ôöé gzip:   0.75 kB[22m
[2m.svelte-kit/output/client/[22m[36m_app/immutable/chunks/BJ4BC0dw.js              [39m[1m[2m    2.15 kB[22m[1m[22m[2m Ôöé gzip:   1.09 kB[22m
[2m.svelte-kit/output/client/[22m[36m_app/immutable/nodes/7.CVCKLUE0.js             [39m[1m[2m    2.23 kB[22m[1m[22m[2m Ôöé gzip:   1.06 kB[22m
[2m.svelte-kit/output/client/[22m[36m_app/immutable/chunks/GW_nhZxv.js              [39m[1m[2m    2.28 kB[22m[1m[22m[2m Ôöé gzip:   1.09 kB[22m
[2m.svelte-kit/output/client/[22m[36m_app/immutable/chunks/B4CMkyY2.js              [39m[1m[2m    2.30 kB[22m[1m[22m[2m Ôöé gzip:   1.23 kB[22m
[2m.svelte-kit/output/client/[22m[36m_app/immutable/chunks/-L3eBynH.js              [39m[1m[2m    2.30 kB[22m[1m[22m[2m Ôöé gzip:   1.19 kB[22m
[2m.svelte-kit/output/client/[22m[36m_app/immutable/chunks/Ck1zUtKM.js              [39m[1m[2m    2.31 kB[22m[1m[22m[2m Ôöé gzip:   1.09 kB[22m
[2m.svelte-kit/output/client/[22m[36m_app/immutable/chunks/BkrQ892M.js              [39m[1m[2m    2.31 kB[22m[1m[22m[2m Ôöé gzip:   0.74 kB[22m
[2m.svelte-kit/output/client/[22m[36m_app/immutable/chunks/DBKNyK5s.js              [39m[1m[2m    2.32 kB[22m[1m[22m[2m Ôöé gzip:   1.10 kB[22m
[2m.svelte-kit/output/client/[22m[36m_app/immutable/chunks/DVfN8rqt.js              [39m[1m[2m    2.36 kB[22m[1m[22m[2m Ôöé gzip:   1.23 kB[22m
[2m.svelte-kit/output/client/[22m[36m_app/immutable/chunks/DzxtQ-TB.js              [39m[1m[2m    2.38 kB[22m[1m[22m[2m Ôöé gzip:   1.48 kB[22m
[2m.svelte-kit/output/client/[22m[36m_app/immutable/nodes/15.DJozfhfr.js            [39m[1m[2m    2.51 kB[22m[1m[22m[2m Ôöé gzip:   1.14 kB[22m
[2m.svelte-kit/output/client/[22m[36m_app/immutable/chunks/DF0BBNJq.js              [39m[1m[2m    2.51 kB[22m[1m[22m[2m Ôöé gzip:   0.90 kB[22m
[2m.svelte-kit/output/client/[22m[36m_app/immutable/chunks/ZXfAyPTL.js              [39m[1m[2m    2.52 kB[22m[1m[22m[2m Ôöé gzip:   1.26 kB[22m
[2m.svelte-kit/output/client/[22m[36m_app/immutable/chunks/CevX1Tat.js              [39m[1m[2m    2.53 kB[22m[1m[22m[2m Ôöé gzip:   1.38 kB[22m
[2m.svelte-kit/output/client/[22m[36m_app/immutable/chunks/DMA9R1ak.js              [39m[1m[2m    2.54 kB[22m[1m[22m[2m Ôöé gzip:   1.20 kB[22m
[2m.svelte-kit/output/client/[22m[36m_app/immutable/chunks/Ffai-XNe.js              [39m[1m[2m    2.54 kB[22m[1m[22m[2m Ôöé gzip:   1.33 kB[22m
[2m.svelte-kit/output/client/[22m[36m_app/immutable/chunks/CjFT_Tl9.js              [39m[1m[2m    2.57 kB[22m[1m[22m[2m Ôöé gzip:   1.21 kB[22m
[2m.svelte-kit/output/client/[22m[36m_app/immutable/chunks/R5RBWMog.js              [39m[1m[2m    2.59 kB[22m[1m[22m[2m Ôöé gzip:   1.49 kB[22m
[2m.svelte-kit/output/client/[22m[36m_app/immutable/chunks/D8B20fx6.js              [39m[1m[2m    2.67 kB[22m[1m[22m[2m Ôöé gzip:   1.11 kB[22m
[2m.svelte-kit/output/client/[22m[36m_app/immutable/chunks/DO-Gjzrf.js              [39m[1m[2m    2.78 kB[22m[1m[22m[2m Ôöé gzip:   1.07 kB[22m
[2m.svelte-kit/output/client/[22m[36m_app/immutable/chunks/Dc1JOy9r.js              [39m[1m[2m    2.79 kB[22m[1m[22m[2m Ôöé gzip:   1.29 kB[22m
[2m.svelte-kit/output/client/[22m[36m_app/immutable/chunks/BzwKVEFT.js              [39m[1m[2m    2.90 kB[22m[1m[22m[2m Ôöé gzip:   1.28 kB[22m
[2m.svelte-kit/output/client/[22m[36m_app/immutable/chunks/B6wPVr8A.js              [39m[1m[2m    2.94 kB[22m[1m[22m[2m Ôöé gzip:   1.36 kB[22m
[2m.svelte-kit/output/client/[22m[36m_app/immutable/nodes/1.LUdQPMc5.js             [39m[1m[2m    3.09 kB[22m[1m[22m[2m Ôöé gzip:   1.42 kB[22m
[2m.svelte-kit/output/client/[22m[36m_app/immutable/chunks/C3f8Ysf7.js              [39m[1m[2m    3.12 kB[22m[1m[22m[2m Ôöé gzip:   1.20 kB[22m
[2m.svelte-kit/output/client/[22m[36m_app/immutable/chunks/CNNH_BdI.js              [39m[1m[2m    3.24 kB[22m[1m[22m[2m Ôöé gzip:   1.66 kB[22m
[2m.svelte-kit/output/client/[22m[36m_app/immutable/chunks/DGYXhP31.js              [39m[1m[2m    3.25 kB[22m[1m[22m[2m Ôöé gzip:   1.26 kB[22m
[2m.svelte-kit/output/client/[22m[36m_app/immutable/chunks/lSbBsy5d.js              [39m[1m[2m    3.35 kB[22m[1m[22m[2m Ôöé gzip:   1.51 kB[22m
[2m.svelte-kit/output/client/[22m[36m_app/immutable/chunks/BgMRiT3U.js              [39m[1m[2m    3.40 kB[22m[1m[22m[2m Ôöé gzip:   1.44 kB[22m
[2m.svelte-kit/output/client/[22m[36m_app/immutable/chunks/BA5vi2Kp.js              [39m[1m[2m    3.51 kB[22m[1m[22m[2m Ôöé gzip:   0.98 kB[22m
[2m.svelte-kit/output/client/[22m[36m_app/immutable/chunks/DkYu6x3z.js              [39m[1m[2m    3.55 kB[22m[1m[22m[2m Ôöé gzip:   1.63 kB[22m
[2m.svelte-kit/output/client/[22m[36m_app/immutable/chunks/C_CwsFkJ.js              [39m[1m[2m    3.56 kB[22m[1m[22m[2m Ôöé gzip:   1.52 kB[22m
[2m.svelte-kit/output/client/[22m[36m_app/immutable/chunks/pRatUO7H.js              [39m[1m[2m    3.72 kB[22m[1m[22m[2m Ôöé gzip:   1.68 kB[22m
[2m.svelte-kit/output/client/[22m[36m_app/immutable/chunks/S37ZYGWr.js              [39m[1m[2m    3.87 kB[22m[1m[22m[2m Ôöé gzip:   1.69 kB[22m
[2m.svelte-kit/output/client/[22m[36m_app/immutable/chunks/CmGdzxic.js              [39m[1m[2m    3.90 kB[22m[1m[22m[2m Ôöé gzip:   1.79 kB[22m
[2m.svelte-kit/output/client/[22m[36m_app/immutable/chunks/BzpIVaGY.js              [39m[1m[2m    3.96 kB[22m[1m[22m[2m Ôöé gzip:   1.79 kB[22m
[2m.svelte-kit/output/client/[22m[36m_app/immutable/chunks/EdZsLKOL.js              [39m[1m[2m    3.98 kB[22m[1m[22m[2m Ôöé gzip:   1.96 kB[22m
[2m.svelte-kit/output/client/[22m[36m_app/immutable/chunks/pXgVlZs6.js              [39m[1m[2m    4.03 kB[22m[1m[22m[2m Ôöé gzip:   1.67 kB[22m
[2m.svelte-kit/output/client/[22m[36m_app/immutable/chunks/B9xdYoR4.js              [39m[1m[2m    4.05 kB[22m[1m[22m[2m Ôöé gzip:   1.71 kB[22m
[2m.svelte-kit/output/client/[22m[36m_app/immutable/chunks/DwRh75JA.js              [39m[1m[2m    4.05 kB[22m[1m[22m[2m Ôöé gzip:   1.65 kB[22m
[2m.svelte-kit/output/client/[22m[36m_app/immutable/chunks/BwQOo05w.js              [39m[1m[2m    4.09 kB[22m[1m[22m[2m Ôöé gzip:   1.64 kB[22m
[2m.svelte-kit/output/client/[22m[36m_app/immutable/chunks/u1Be0MmX.js              [39m[1m[2m    4.14 kB[22m[1m[22m[2m Ôöé gzip:   1.64 kB[22m
[2m.svelte-kit/output/client/[22m[36m_app/immutable/chunks/D9Dt4D0W.js              [39m[1m[2m    4.14 kB[22m[1m[22m[2m Ôöé gzip:   1.77 kB[22m
[2m.svelte-kit/output/client/[22m[36m_app/immutable/chunks/Cw1EW3IL.js              [39m[1m[2m    4.17 kB[22m[1m[22m[2m Ôöé gzip:   1.89 kB[22m
[2m.svelte-kit/output/client/[22m[36m_app/immutable/chunks/aFj0EATO.js              [39m[1m[2m    4.20 kB[22m[1m[22m[2m Ôöé gzip:   1.81 kB[22m
[2m.svelte-kit/output/client/[22m[36m_app/immutable/nodes/20.BlV5bkLq.js            [39m[1m[2m    4.23 kB[22m[1m[22m[2m Ôöé gzip:   2.02 kB[22m
[2m.svelte-kit/output/client/[22m[36m_app/immutable/chunks/B-8jnY81.js              [39m[1m[2m    4.48 kB[22m[1m[22m[2m Ôöé gzip:   1.78 kB[22m
[2m.svelte-kit/output/client/[22m[36m_app/immutable/chunks/Bneqetm1.js              [39m[1m[2m    4.57 kB[22m[1m[22m[2m Ôöé gzip:   1.28 kB[22m
[2m.svelte-kit/output/client/[22m[36m_app/immutable/chunks/DYz_wnZ1.js              [39m[1m[2m    4.65 kB[22m[1m[22m[2m Ôöé gzip:   2.01 kB[22m
[2m.svelte-kit/output/client/[22m[36m_app/immutable/chunks/CXdrOF99.js              [39m[1m[2m    4.79 kB[22m[1m[22m[2m Ôöé gzip:   1.53 kB[22m
[2m.svelte-kit/output/client/[22m[36m_app/immutable/chunks/CfJYG6tj.js              [39m[1m[2m    4.80 kB[22m[1m[22m[2m Ôöé gzip:   2.13 kB[22m
[2m.svelte-kit/output/client/[22m[36m_app/immutable/chunks/DMqt5YCi.js              [39m[1m[2m    4.91 kB[22m[1m[22m[2m Ôöé gzip:   2.34 kB[22m
[2m.svelte-kit/output/client/[22m[36m_app/immutable/chunks/Cabwm37j.js              [39m[1m[2m    5.13 kB[22m[1m[22m[2m Ôöé gzip:   2.31 kB[22m
[2m.svelte-kit/output/client/[22m[36m_app/immutable/chunks/SjHAIU92.js              [39m[1m[2m    5.13 kB[22m[1m[22m[2m Ôöé gzip:   2.07 kB[22m
[2m.svelte-kit/output/client/[22m[36m_app/immutable/chunks/B2Rjki9n.js              [39m[1m[2m    5.16 kB[22m[1m[22m[2m Ôöé gzip:   2.15 kB[22m
[2m.svelte-kit/output/client/[22m[36m_app/immutable/nodes/5.1fE9yQMW.js             [39m[1m[2m    5.31 kB[22m[1m[22m[2m Ôöé gzip:   2.16 kB[22m
[2m.svelte-kit/output/client/[22m[36m_app/immutable/nodes/17.CdseGo7y.js            [39m[1m[2m    5.35 kB[22m[1m[22m[2m Ôöé gzip:   2.52 kB[22m
[2m.svelte-kit/output/client/[22m[36m_app/immutable/chunks/DuME0IfC.js              [39m[1m[2m    5.39 kB[22m[1m[22m[2m Ôöé gzip:   2.14 kB[22m
[2m.svelte-kit/output/client/[22m[36m_app/immutable/chunks/OcBriXUk.js              [39m[1m[2m    5.40 kB[22m[1m[22m[2m Ôöé gzip:   2.28 kB[22m
[2m.svelte-kit/output/client/[22m[36m_app/immutable/chunks/BuJXcnF6.js              [39m[1m[2m    5.82 kB[22m[1m[22m[2m Ôöé gzip:   2.57 kB[22m
[2m.svelte-kit/output/client/[22m[36m_app/immutable/chunks/CjQqDB4T.js              [39m[1m[2m    5.92 kB[22m[1m[22m[2m Ôöé gzip:   2.68 kB[22m
[2m.svelte-kit/output/client/[22m[36m_app/immutable/nodes/21.DwZ5jTHT.js            [39m[1m[2m    6.07 kB[22m[1m[22m[2m Ôöé gzip:   2.49 kB[22m
[2m.svelte-kit/output/client/[22m[36m_app/immutable/chunks/CWcv1MsR.js              [39m[1m[2m    6.20 kB[22m[1m[22m[2m Ôöé gzip:   2.96 kB[22m
[2m.svelte-kit/output/client/[22m[36m_app/immutable/chunks/C41bIUwD.js              [39m[1m[2m    6.37 kB[22m[1m[22m[2m Ôöé gzip:   2.39 kB[22m
[2m.svelte-kit/output/client/[22m[36m_app/immutable/chunks/BuPzkPfP.js              [39m[1m[2m    6.48 kB[22m[1m[22m[2m Ôöé gzip:   2.73 kB[22m
[2m.svelte-kit/output/client/[22m[36m_app/immutable/chunks/DzFWVndE.js              [39m[1m[2m    6.62 kB[22m[1m[22m[2m Ôöé gzip:   2.56 kB[22m
[2m.svelte-kit/output/client/[22m[36m_app/immutable/chunks/DZPZEOli.js              [39m[1m[2m    6.66 kB[22m[1m[22m[2m Ôöé gzip:   1.94 kB[22m
[2m.svelte-kit/output/client/[22m[36m_app/immutable/chunks/BEk9thJj.js              [39m[1m[2m    6.80 kB[22m[1m[22m[2m Ôöé gzip:   2.98 kB[22m
[2m.svelte-kit/output/client/[22m[36m_app/immutable/chunks/CnDTJFAw.js              [39m[1m[2m    6.80 kB[22m[1m[22m[2m Ôöé gzip:   2.44 kB[22m
[2m.svelte-kit/output/client/[22m[36m_app/immutable/nodes/11.Ck79UvJ2.js            [39m[1m[2m    7.12 kB[22m[1m[22m[2m Ôöé gzip:   2.92 kB[22m
[2m.svelte-kit/output/client/[22m[36m_app/immutable/chunks/DdIZxoE0.js              [39m[1m[2m    7.34 kB[22m[1m[22m[2m Ôöé gzip:   2.72 kB[22m
[2m.svelte-kit/output/client/[22m[36m_app/immutable/nodes/10.ah67WypS.js            [39m[1m[2m    7.71 kB[22m[1m[22m[2m Ôöé gzip:   3.35 kB[22m
[2m.svelte-kit/output/client/[22m[36m_app/immutable/chunks/UFn9YNLE.js              [39m[1m[2m    7.72 kB[22m[1m[22m[2m Ôöé gzip:   3.18 kB[22m
[2m.svelte-kit/output/client/[22m[36m_app/immutable/chunks/CFHJl5sT.js              [39m[1m[2m    7.77 kB[22m[1m[22m[2m Ôöé gzip:   3.33 kB[22m
[2m.svelte-kit/output/client/[22m[36m_app/immutable/chunks/H-WmDvRZ.js              [39m[1m[2m    7.89 kB[22m[1m[22m[2m Ôöé gzip:   2.95 kB[22m
[2m.svelte-kit/output/client/[22m[36m_app/immutable/chunks/hz-etPbv.js              [39m[1m[2m    7.91 kB[22m[1m[22m[2m Ôöé gzip:   2.66 kB[22m
[2m.svelte-kit/output/client/[22m[36m_app/immutable/chunks/nQnZqK5X.js              [39m[1m[2m    7.93 kB[22m[1m[22m[2m Ôöé gzip:   3.60 kB[22m
[2m.svelte-kit/output/client/[22m[36m_app/immutable/chunks/CKeCA353.js              [39m[1m[2m    8.08 kB[22m[1m[22m[2m Ôöé gzip:   3.24 kB[22m
[2m.svelte-kit/output/client/[22m[36m_app/immutable/nodes/23.DD4PbGhF.js            [39m[1m[2m    8.09 kB[22m[1m[22m[2m Ôöé gzip:   3.31 kB[22m
[2m.svelte-kit/output/client/[22m[36m_app/immutable/chunks/BNw1qcRV.js              [39m[1m[2m    8.10 kB[22m[1m[22m[2m Ôöé gzip:   2.89 kB[22m
[2m.svelte-kit/output/client/[22m[36m_app/immutable/chunks/C6RDOZhf.js              [39m[1m[2m    8.24 kB[22m[1m[22m[2m Ôöé gzip:   3.52 kB[22m
[2m.svelte-kit/output/client/[22m[36m_app/immutable/chunks/B8RDJmFZ.js              [39m[1m[2m    8.71 kB[22m[1m[22m[2m Ôöé gzip:   2.57 kB[22m
[2m.svelte-kit/output/client/[22m[36m_app/immutable/chunks/CYuRh0h9.js              [39m[1m[2m    8.92 kB[22m[1m[22m[2m Ôöé gzip:   4.49 kB[22m
[2m.svelte-kit/output/client/[22m[36m_app/immutable/chunks/BxjLzQBs.js              [39m[1m[2m    9.12 kB[22m[1m[22m[2m Ôöé gzip:   4.03 kB[22m
[2m.svelte-kit/output/client/[22m[36m_app/immutable/chunks/Dgx2YpMZ.js              [39m[1m[2m    9.16 kB[22m[1m[22m[2m Ôöé gzip:   3.81 kB[22m
[2m.svelte-kit/output/client/[22m[36m_app/immutable/chunks/B4kiWyti.js              [39m[1m[2m    9.33 kB[22m[1m[22m[2m Ôöé gzip:   4.11 kB[22m
[2m.svelte-kit/output/client/[22m[36m_app/immutable/chunks/CdXCOZ3F.js              [39m[1m[2m    9.75 kB[22m[1m[22m[2m Ôöé gzip:   3.46 kB[22m
[2m.svelte-kit/output/client/[22m[36m_app/immutable/chunks/heZmZLOM.js              [39m[1m[2m   10.16 kB[22m[1m[22m[2m Ôöé gzip:   5.09 kB[22m
[2m.svelte-kit/output/client/[22m[36m_app/immutable/chunks/BMjYHr_A.js              [39m[1m[2m   10.82 kB[22m[1m[22m[2m Ôöé gzip:   3.99 kB[22m
[2m.svelte-kit/output/client/[22m[36m_app/immutable/nodes/9.D-e4DoxH.js             [39m[1m[2m   11.10 kB[22m[1m[22m[2m Ôöé gzip:   4.28 kB[22m
[2m.svelte-kit/output/client/[22m[36m_app/immutable/entry/app.CiDbW9ff.js           [39m[1m[2m   11.16 kB[22m[1m[22m[2m Ôöé gzip:   3.73 kB[22m
[2m.svelte-kit/output/client/[22m[36m_app/immutable/chunks/BEugSyMb.js              [39m[1m[2m   11.63 kB[22m[1m[22m[2m Ôöé gzip:   4.52 kB[22m
[2m.svelte-kit/output/client/[22m[36m_app/immutable/nodes/19.D1zcQ2nf.js            [39m[1m[2m   12.06 kB[22m[1m[22m[2m Ôöé gzip:   4.86 kB[22m
[2m.svelte-kit/output/client/[22m[36m_app/immutable/chunks/CMxB9xFj.js              [39m[1m[2m   12.62 kB[22m[1m[22m[2m Ôöé gzip:   5.76 kB[22m
[2m.svelte-kit/output/client/[22m[36m_app/immutable/chunks/DbjNa0Cg.js              [39m[1m[2m   12.66 kB[22m[1m[22m[2m Ôöé gzip:   5.57 kB[22m
[2m.svelte-kit/output/client/[22m[36m_app/immutable/chunks/Cm7j_XK7.js              [39m[1m[2m   14.63 kB[22m[1m[22m[2m Ôöé gzip:   5.92 kB[22m
[2m.svelte-kit/output/client/[22m[36m_app/immutable/nodes/13.DRv7yKou.js            [39m[1m[2m   14.74 kB[22m[1m[22m[2m Ôöé gzip:   4.65 kB[22m
[2m.svelte-kit/output/client/[22m[36m_app/immutable/nodes/8.reyWDS8F.js             [39m[1m[2m   15.29 kB[22m[1m[22m[2m Ôöé gzip:   5.74 kB[22m
[2m.svelte-kit/output/client/[22m[36m_app/immutable/nodes/22.Dg7vVtQU.js            [39m[1m[2m   16.12 kB[22m[1m[22m[2m Ôöé gzip:   6.20 kB[22m
[2m.svelte-kit/output/client/[22m[36m_app/immutable/nodes/18.C9JtciuA.js            [39m[1m[2m   16.18 kB[22m[1m[22m[2m Ôöé gzip:   5.79 kB[22m
[2m.svelte-kit/output/client/[22m[36m_app/immutable/chunks/egqUmgyf.js              [39m[1m[2m   16.21 kB[22m[1m[22m[2m Ôöé gzip:   7.41 kB[22m
[2m.svelte-kit/output/client/[22m[36m_app/immutable/chunks/iXu5QeM3.js              [39m[1m[2m   17.08 kB[22m[1m[22m[2m Ôöé gzip:   5.75 kB[22m
[2m.svelte-kit/output/client/[22m[36m_app/immutable/chunks/IpYPeaBO.js              [39m[1m[2m   18.85 kB[22m[1m[22m[2m Ôöé gzip:   7.47 kB[22m
[2m.svelte-kit/output/client/[22m[36m_app/immutable/nodes/0.xqMnNpgF.js             [39m[1m[2m   19.78 kB[22m[1m[22m[2m Ôöé gzip:   6.96 kB[22m
[2m.svelte-kit/output/client/[22m[36m_app/immutable/nodes/16.BM4oTWoi.js            [39m[1m[2m   20.46 kB[22m[1m[22m[2m Ôöé gzip:   7.06 kB[22m
[2m.svelte-kit/output/client/[22m[36m_app/immutable/chunks/2_Rlritp.js              [39m[1m[2m   20.79 kB[22m[1m[22m[2m Ôöé gzip:   9.29 kB[22m
[2m.svelte-kit/output/client/[22m[36m_app/immutable/nodes/12.Dr1seeXA.js            [39m[1m[2m   20.95 kB[22m[1m[22m[2m Ôöé gzip:   6.65 kB[22m
[2m.svelte-kit/output/client/[22m[36m_app/immutable/chunks/Bihsd2yC.js              [39m[1m[2m   21.06 kB[22m[1m[22m[2m Ôöé gzip:   9.68 kB[22m
[2m.svelte-kit/output/client/[22m[36m_app/immutable/chunks/B9uivgTg.js              [39m[1m[2m   22.30 kB[22m[1m[22m[2m Ôöé gzip:   7.86 kB[22m
[2m.svelte-kit/output/client/[22m[36m_app/immutable/chunks/DvfqqEgG.js              [39m[1m[2m   22.96 kB[22m[1m[22m[2m Ôöé gzip:  10.34 kB[22m
[2m.svelte-kit/output/client/[22m[36m_app/immutable/chunks/BlXdVsqa.js              [39m[1m[2m   23.94 kB[22m[1m[22m[2m Ôöé gzip:   9.42 kB[22m
[2m.svelte-kit/output/client/[22m[36m_app/immutable/chunks/B533Al4x.js              [39m[1m[2m   25.80 kB[22m[1m[22m[2m Ôöé gzip:   8.60 kB[22m
[2m.svelte-kit/output/client/[22m[36m_app/immutable/chunks/BnMrqG3P.js              [39m[1m[2m   27.13 kB[22m[1m[22m[2m Ôöé gzip:   8.47 kB[22m
[2m.svelte-kit/output/client/[22m[36m_app/immutable/chunks/Bp-vmLor.js              [39m[1m[2m   27.24 kB[22m[1m[22m[2m Ôöé gzip:   8.56 kB[22m
[2m.svelte-kit/output/client/[22m[36m_app/immutable/chunks/CHJy7iIW.js              [39m[1m[2m   30.75 kB[22m[1m[22m[2m Ôöé gzip:  12.63 kB[22m
[2m.svelte-kit/output/client/[22m[36m_app/immutable/chunks/Bj0Hu1HS.js              [39m[1m[2m   31.62 kB[22m[1m[22m[2m Ôöé gzip:   8.30 kB[22m
[2m.svelte-kit/output/client/[22m[36m_app/immutable/chunks/CuPU-k71.js              [39m[1m[2m   32.26 kB[22m[1m[22m[2m Ôöé gzip:  13.03 kB[22m
[2m.svelte-kit/output/client/[22m[36m_app/immutable/chunks/D0XecflT.js              [39m[1m[2m   37.05 kB[22m[1m[22m[2m Ôöé gzip:  10.94 kB[22m
[2m.svelte-kit/output/client/[22m[36m_app/immutable/chunks/BE7beTmc.js              [39m[1m[2m   40.69 kB[22m[1m[22m[2m Ôöé gzip:  16.72 kB[22m
[2m.svelte-kit/output/client/[22m[36m_app/immutable/chunks/DcQio7ca.js              [39m[1m[2m   45.06 kB[22m[1m[22m[2m Ôöé gzip:  19.15 kB[22m
[2m.svelte-kit/output/client/[22m[36m_app/immutable/chunks/Cj2AwDON.js              [39m[1m[2m   70.77 kB[22m[1m[22m[2m Ôöé gzip:  25.82 kB[22m
[2m.svelte-kit/output/client/[22m[36m_app/immutable/chunks/DoFl4RTa.js              [39m[1m[2m   75.29 kB[22m[1m[22m[2m Ôöé gzip:  26.51 kB[22m
[2m.svelte-kit/output/client/[22m[36m_app/immutable/chunks/DiRaGkk0.js              [39m[1m[2m   78.50 kB[22m[1m[22m[2m Ôöé gzip:  24.43 kB[22m
[2m.svelte-kit/output/client/[22m[36m_app/immutable/chunks/BRKGNgAR.js              [39m[1m[2m   97.73 kB[22m[1m[22m[2m Ôöé gzip:  28.40 kB[22m
[2m.svelte-kit/output/client/[22m[36m_app/immutable/chunks/DvRZjw4v.js              [39m[1m[2m  100.51 kB[22m[1m[22m[2m Ôöé gzip:  33.60 kB[22m
[2m.svelte-kit/output/client/[22m[36m_app/immutable/chunks/CrH-OEZB.js              [39m[1m[2m  405.47 kB[22m[1m[22m[2m Ôöé gzip: 120.31 kB[22m
[2m.svelte-kit/output/client/[22m[36m_app/immutable/chunks/BxPSJ9CH.js              [39m[1m[2m  437.85 kB[22m[1m[22m[2m Ôöé gzip: 181.21 kB[22m
[2m.svelte-kit/output/client/[22m[36m_app/immutable/chunks/CoJtUqnn.js              [39m[1m[33m  720.03 kB[39m[22m[2m Ôöé gzip: 241.70 kB[22m
node.exe : [33m
In riga:1 car:1
+ & "C:\Program Files\nodejs/node.exe" "C:\Program Files\nodejs/node_mo ...
+ ~~~~~~~~~~~~~~~~~~~~~~~~~~~~~~~~~~~~~~~~~~~~~~~~~~~~~~~~~~~~~~~~~~~~~
    + CategoryInfo          : NotSpecified: ([33m:String) [], RemoteException
    + FullyQualifiedErrorId : NativeCommandError
 
(!) Some chunks are larger than 500 kB after minification. Consider:
- Using dynamic import() to code-split the application
- Use build.rollupOptions.output.manualChunks to improve chunking: 
https://rollupjs.org/configuration-options/#output-manualchunks
- Adjust chunk size limit for this warning via 
build.chunkSizeWarningLimit.[39m
[32mÔ£ô built in 34.09s[39m
[2m.svelte-kit/output/server/[22m[32m.vite/manifest.json                                    [39m[1m[2m 24.93 kB[22m[1m[22m
[2m.svelte-kit/output/server/[22m[35m_app/immutable/assets/_page.BppMCQCy.css               [39m[1m[2m  4.80 kB[22m[1m[22m
[2m.svelte-kit/output/server/[22m[35m_app/immutable/assets/_layout.By7kqbr0.css             [39m[1m[2m 64.37 kB[22m[1m[22m
[2m.svelte-kit/output/server/[22m[36mchunks/false.js                                        [39m[1m[2m  0.05 kB[22m[1m[22m
[2m.svelte-kit/output/server/[22m[36mentries/pages/_layout.ts.js                            [39m[1m[2m  0.08 kB[22m[1m[22m
[2m.svelte-kit/output/server/[22m[36mchunks/utils2.js                                       [39m[1m[2m  0.15 kB[22m[1m[22m
[2m.svelte-kit/output/server/[22m[36mchunks/environment.js                                  [39m[1m[2m  0.19 kB[22m[1m[22m
[2m.svelte-kit/output/server/[22m[36mchunks/index-server.js                                 [39m[1m[2m  0.30 kB[22m[1m[22m
[2m.svelte-kit/output/server/[22m[36mentries/pages/tools/fileshare/_page.svelte.js          [39m[1m[2m  0.35 kB[22m[1m[22m
[2m.svelte-kit/output/server/[22m[36mchunks/ToolHeader.js                                   [39m[1m[2m  0.38 kB[22m[1m[22m
[2m.svelte-kit/output/server/[22m[36minternal.js                                            [39m[1m[2m  0.40 kB[22m[1m[22m
[2m.svelte-kit/output/server/[22m[36mchunks/state.svelte.js                                 [39m[1m[2m  0.43 kB[22m[1m[22m
[2m.svelte-kit/output/server/[22m[36mchunks/server.js                                       [39m[1m[2m  0.51 kB[22m[1m[22m
[2m.svelte-kit/output/server/[22m[36mchunks/LoadingSpinner.js                               [39m[1m[2m  0.52 kB[22m[1m[22m
[2m.svelte-kit/output/server/[22m[36mchunks/escaping.js                                     [39m[1m[2m  0.53 kB[22m[1m[22m
[2m.svelte-kit/output/server/[22m[36mchunks/card-content.js                                 [39m[1m[2m  0.63 kB[22m[1m[22m
[2m.svelte-kit/output/server/[22m[36mchunks/card-description.js                             [39m[1m[2m  0.66 kB[22m[1m[22m
[2m.svelte-kit/output/server/[22m[36mchunks/server2.js                                      [39m[1m[2m  0.73 kB[22m[1m[22m
[2m.svelte-kit/output/server/[22m[36mchunks/index3.js                                       [39m[1m[2m  0.91 kB[22m[1m[22m
[2m.svelte-kit/output/server/[22m[36mentries/pages/tools/_layout.svelte.js                  [39m[1m[2m  1.02 kB[22m[1m[22m
[2m.svelte-kit/output/server/[22m[36mchunks/worker-utils.js                                 [39m[1m[2m  1.06 kB[22m[1m[22m
[2m.svelte-kit/output/server/[22m[36mchunks/utils.js                                        [39m[1m[2m  1.15 kB[22m[1m[22m
[2m.svelte-kit/output/server/[22m[36mchunks/index.js                                        [39m[1m[2m  1.43 kB[22m[1m[22m
[2m.svelte-kit/output/server/[22m[36mchunks/check.js                                        [39m[1m[2m  1.43 kB[22m[1m[22m
[2m.svelte-kit/output/server/[22m[36mchunks/chevron-right.js                                [39m[1m[2m  1.47 kB[22m[1m[22m
[2m.svelte-kit/output/server/[22m[36mchunks/x.js                                            [39m[1m[2m  1.48 kB[22m[1m[22m
[2m.svelte-kit/output/server/[22m[36mchunks/loader-circle.js                                [39m[1m[2m  1.50 kB[22m[1m[22m
[2m.svelte-kit/output/server/[22m[36mchunks/code.js                                         [39m[1m[2m  1.52 kB[22m[1m[22m
[2m.svelte-kit/output/server/[22m[36mchunks/Icon.js                                         [39m[1m[2m  1.53 kB[22m[1m[22m
[2m.svelte-kit/output/server/[22m[36mchunks/crop.js                                         [39m[1m[2m  1.57 kB[22m[1m[22m
[2m.svelte-kit/output/server/[22m[36mchunks/type.js                                         [39m[1m[2m  1.63 kB[22m[1m[22m
[2m.svelte-kit/output/server/[22m[36mchunks/rotate-ccw.js                                   [39m[1m[2m  1.64 kB[22m[1m[22m
[2m.svelte-kit/output/server/[22m[36mchunks/rotate-cw.js                                    [39m[1m[2m  1.64 kB[22m[1m[22m
[2m.svelte-kit/output/server/[22m[36mchunks/undo-2.js                                       [39m[1m[2m  1.67 kB[22m[1m[22m
[2m.svelte-kit/output/server/[22m[36mchunks/download.js                                     [39m[1m[2m  1.67 kB[22m[1m[22m
[2m.svelte-kit/output/server/[22m[36mchunks/highlighter.js                                  [39m[1m[2m  1.71 kB[22m[1m[22m
[2m.svelte-kit/output/server/[22m[36mchunks/pen-line.js                                     [39m[1m[2m  1.84 kB[22m[1m[22m
[2m.svelte-kit/output/server/[22m[36mchunks/scissors.js                                     [39m[1m[2m  1.84 kB[22m[1m[22m
[2m.svelte-kit/output/server/[22m[36mchunks/copy.js                                         [39m[1m[2m  1.84 kB[22m[1m[22m
[2m.svelte-kit/output/server/[22m[36mchunks/card-title.js                                   [39m[1m[2m  1.85 kB[22m[1m[22m
[2m.svelte-kit/output/server/[22m[36mchunks/trash-2.js                                      [39m[1m[2m  1.86 kB[22m[1m[22m
[2m.svelte-kit/output/server/[22m[36mchunks/image.js                                        [39m[1m[2m  1.87 kB[22m[1m[22m
[2m.svelte-kit/output/server/[22m[36mchunks/badge.js                                        [39m[1m[2m  1.87 kB[22m[1m[22m
[2m.svelte-kit/output/server/[22m[36mchunks/file-down.js                                    [39m[1m[2m  1.99 kB[22m[1m[22m
[2m.svelte-kit/output/server/[22m[36mchunks/grip-vertical.js                                [39m[1m[2m  2.00 kB[22m[1m[22m
[2m.svelte-kit/output/server/[22m[36mchunks/file-text.js                                    [39m[1m[2m  2.04 kB[22m[1m[22m
[2m.svelte-kit/output/server/[22m[36mchunks/sun.js                                          [39m[1m[2m  2.12 kB[22m[1m[22m
[2m.svelte-kit/output/server/[22m[36mchunks/file-image.js                                   [39m[1m[2m  2.12 kB[22m[1m[22m
[2m.svelte-kit/output/server/[22m[36mentries/pages/tools/pdf/_layout.svelte.js              [39m[1m[2m  2.13 kB[22m[1m[22m
[2m.svelte-kit/output/server/[22m[36mentries/pages/tools/image/_layout.svelte.js            [39m[1m[2m  2.16 kB[22m[1m[22m
[2m.svelte-kit/output/server/[22m[36mchunks/input.js                                        [39m[1m[2m  2.20 kB[22m[1m[22m
[2m.svelte-kit/output/server/[22m[36mchunks/stores.js                                       [39m[1m[2m  2.23 kB[22m[1m[22m
[2m.svelte-kit/output/server/[22m[36mchunks/sparkles.js                                     [39m[1m[2m  2.31 kB[22m[1m[22m
[2m.svelte-kit/output/server/[22m[36mchunks/exports.js                                      [39m[1m[2m  2.39 kB[22m[1m[22m
[2m.svelte-kit/output/server/[22m[36mchunks/pdf.js                                          [39m[1m[2m  2.53 kB[22m[1m[22m
[2m.svelte-kit/output/server/[22m[36mchunks/FileDropzone.js                                 [39m[1m[2m  2.73 kB[22m[1m[22m
[2m.svelte-kit/output/server/[22m[36mchunks/button.js                                       [39m[1m[2m  2.96 kB[22m[1m[22m
[2m.svelte-kit/output/server/[22m[36mchunks/strikethrough.js                                [39m[1m[2m  3.05 kB[22m[1m[22m
[2m.svelte-kit/output/server/[22m[36mchunks/square.js                                       [39m[1m[2m  3.11 kB[22m[1m[22m
[2m.svelte-kit/output/server/[22m[36mchunks/label.js                                        [39m[1m[2m  3.21 kB[22m[1m[22m
[2m.svelte-kit/output/server/[22m[36mchunks/separator.js                                    [39m[1m[2m  3.45 kB[22m[1m[22m
[2m.svelte-kit/output/server/[22m[36mchunks/zoom-out.js                                     [39m[1m[2m  3.55 kB[22m[1m[22m
[2m.svelte-kit/output/server/[22m[36mchunks/internal.js                                     [39m[1m[2m  3.56 kB[22m[1m[22m
[2m.svelte-kit/output/server/[22m[36mentries/pages/tools/image/_page.svelte.js              [39m[1m[2m  3.61 kB[22m[1m[22m
[2m.svelte-kit/output/server/[22m[36mchunks/image-filters.js                                [39m[1m[2m  3.64 kB[22m[1m[22m
[2m.svelte-kit/output/server/[22m[36mchunks/image-types.js                                  [39m[1m[2m  3.76 kB[22m[1m[22m
[2m.svelte-kit/output/server/[22m[36mchunks/events.js                                       [39m[1m[2m  3.99 kB[22m[1m[22m
[2m.svelte-kit/output/server/[22m[36mentries/pages/tools/pdf/_page.svelte.js                [39m[1m[2m  4.04 kB[22m[1m[22m
[2m.svelte-kit/output/server/[22m[36mentries/pages/tools/pdf/merge/_page.svelte.js          [39m[1m[2m  5.74 kB[22m[1m[22m
[2m.svelte-kit/output/server/[22m[36mchunks/routing.js                                      [39m[1m[2m  5.81 kB[22m[1m[22m
[2m.svelte-kit/output/server/[22m[36mchunks/merge.js                                        [39m[1m[2m  5.89 kB[22m[1m[22m
[2m.svelte-kit/output/server/[22m[36mentries/pages/_error.svelte.js                         [39m[1m[2m  7.60 kB[22m[1m[22m
[2m.svelte-kit/output/server/[22m[36mentries/pages/tools/pdf/compress/_page.svelte.js       [39m[1m[2m  8.10 kB[22m[1m[22m
[2m.svelte-kit/output/server/[22m[36mchunks/noop.js                                         [39m[1m[2m  8.33 kB[22m[1m[22m
[2m.svelte-kit/output/server/[22m[36mchunks/tools.js                                        [39m[1m[2m  8.53 kB[22m[1m[22m
[2m.svelte-kit/output/server/[22m[36mchunks/sliders-horizontal.js                           [39m[1m[2m  9.18 kB[22m[1m[22m
[2m.svelte-kit/output/server/[22m[36mentries/pages/tools/pdf/sign/_page.svelte.js           [39m[1m[2m 10.26 kB[22m[1m[22m
[2m.svelte-kit/output/server/[22m[36mentries/pages/_page.svelte.js                          [39m[1m[2m 10.85 kB[22m[1m[22m
[2m.svelte-kit/output/server/[22m[36mentries/pages/tools/pdf/pages/_page.svelte.js          [39m[1m[2m 11.17 kB[22m[1m[22m
[2m.svelte-kit/output/server/[22m[36mentries/pages/tools/image/colorpicker/_page.svelte.js  [39m[1m[2m 11.44 kB[22m[1m[22m
[2m.svelte-kit/output/server/[22m[36mchunks/create-id.js                                    [39m[1m[2m 12.92 kB[22m[1m[22m
[2m.svelte-kit/output/server/[22m[36mchunks/dropdown-menu-trigger.js                        [39m[1m[2m 14.98 kB[22m[1m[22m
[2m.svelte-kit/output/server/[22m[36mentries/pages/tools/image/convert/_page.svelte.js      [39m[1m[2m 15.00 kB[22m[1m[22m
[2m.svelte-kit/output/server/[22m[36mchunks/tabs-trigger.js                                 [39m[1m[2m 15.94 kB[22m[1m[22m
[2m.svelte-kit/output/server/[22m[36mentries/pages/tools/pdf/edit/_page.svelte.js           [39m[1m[2m 16.16 kB[22m[1m[22m
[2m.svelte-kit/output/server/[22m[36mchunks/PdfThumbnails.js                                [39m[1m[2m 16.17 kB[22m[1m[22m
[2m.svelte-kit/output/server/[22m[36mentries/pages/tools/pdf/split/_page.svelte.js          [39m[1m[2m 17.38 kB[22m[1m[22m
[2m.svelte-kit/output/server/[22m[36mremote-entry.js                                        [39m[1m[2m 19.04 kB[22m[1m[22m
[2m.svelte-kit/output/server/[22m[36mentries/pages/tools/pdf/annotate/_page.svelte.js       [39m[1m[2m 25.42 kB[22m[1m[22m
[2m.svelte-kit/output/server/[22m[36mchunks/shared.js                                       [39m[1m[2m 26.42 kB[22m[1m[22m
[2m.svelte-kit/output/server/[22m[36mentries/pages/tools/image/batch/_page.svelte.js        [39m[1m[2m 26.94 kB[22m[1m[22m
[2m.svelte-kit/output/server/[22m[36mchunks/root.js                                         [39m[1m[2m 28.04 kB[22m[1m[22m
[2m.svelte-kit/output/server/[22m[36mentries/pages/tools/image/adjust/_page.svelte.js       [39m[1m[2m 30.92 kB[22m[1m[22m
[2m.svelte-kit/output/server/[22m[36mentries/pages/tools/pdf/convert/_page.svelte.js        [39m[1m[2m 32.43 kB[22m[1m[22m
[2m.svelte-kit/output/server/[22m[36mentries/pages/tools/image/exif/_page.svelte.js         [39m[1m[2m 38.90 kB[22m[1m[22m
[2m.svelte-kit/output/server/[22m[36mentries/pages/tools/image/editor/_page.svelte.js       [39m[1m[2m 40.35 kB[22m[1m[22m
[2m.svelte-kit/output/server/[22m[36mentries/pages/_layout.svelte.js                        [39m[1m[2m 43.54 kB[22m[1m[22m
[2m.svelte-kit/output/server/[22m[36mchunks/tooltip-content.js                              [39m[1m[2m 56.12 kB[22m[1m[22m
[2m.svelte-kit/output/server/[22m[36mentries/pages/tools/markdown/_page.svelte.js           [39m[1m[2m 90.32 kB[22m[1m[22m
[2m.svelte-kit/output/server/[22m[36mchunks/popper-layer-force-mount.js                     [39m[1m[2m 90.85 kB[22m[1m[22m
[2m.svelte-kit/output/server/[22m[36mchunks/index2.js                                       [39m[1m[2m 90.88 kB[22m[1m[22m
[2m.svelte-kit/output/server/[22m[36mindex.js                                               [39m[1m[2m121.64 kB[22m[1m[22m
[32mÔ£ô built in 55.72s[39m

Run npm run preview to preview your production build locally.

> Using @sveltejs/adapter-static
  Wrote site to "build"
  Ô£ö done
